// Jest Snapshot v1, https://goo.gl/fbAQLP

exports[`renders correctly 1`] = `
<div
  className="sc-fFubgz cQaspW"
>
  <h1>
    Test erstellen
  </h1>
  <form
    className="sc-kstrdz opBkI"
    onSubmit={[Function]}
  >
    <svg
      className="sc-hBEYos iJOyUS"
      onClick={[Function]}
    >
      wordClass.svg
    </svg>
    <input
      className="sc-iBPRYJ jxdMbx"
      name="foreign"
      onChange={[Function]}
      placeholder="Foreign"
      type="text"
      value=""
    />
    <input
      className="sc-iBPRYJ jxdMbx"
      name="native"
      onChange={[Function]}
      placeholder="Native"
      type="text"
      value=""
    />
    <button
      className="sc-gsTCUz jxdpRJ"
      type="submit"
    >
      Add word
    </button>
  </form>
</div>
`;
