// Jest Snapshot v1, https://goo.gl/fbAQLP

exports[`renders correctly 1`] = `
<div
  className="sc-hBEYos jlFbtW"
>
  <h1>
    Test erstellen
  </h1>
  <form
    className="sc-bqyKva iPBxZN"
    onSubmit={[Function]}
  >
    <input
      className="sc-iBPRYJ jxdMbx"
      name="foreign"
      onChange={[Function]}
      placeholder="Foreign"
      type="text"
      value=""
    />
    <input
      className="sc-iBPRYJ jxdMbx"
      name="native"
      onChange={[Function]}
      placeholder="Native"
      type="text"
      value=""
    />
    <div
      className="sc-dQppl eiDhZm"
    >
      <div
        className="sc-iqHYGH eCVtrs"
      />
      <div
        className="sc-crrsfI jvIAEs"
      >
        <div
          className="sc-fubCfw fCrBXh"
          color="var(--noun)"
          fontSize={54.5}
          onClick={[Function]}
        >
          N
        </div>
        <div
          className="sc-fubCfw hARJCw"
          color="var(--adjective)"
          fontSize={54.5}
          onClick={[Function]}
        >
          A
        </div>
        <div
          className="sc-fubCfw gQvqCI"
          color="var(--verb)"
          fontSize={54.5}
          onClick={[Function]}
        >
          V
        </div>
      </div>
    </div>
    <button
      className="sc-gsTCUz hwVgqy"
      type="submit"
    >
      Add word
    </button>
  </form>
</div>
`;
