// Jest Snapshot v1, https://goo.gl/fbAQLP

exports[`renders correctly 1`] = `
<div
  className="sc-dQppl cSyhzl"
>
  <h1>
    Test erstellen
  </h1>
  <form
    className="sc-iqHYGH bQkWaJ"
    onSubmit={[Function]}
  >
    <input
      className="sc-iBPRYJ jxdMbx"
      name="foreign"
      onChange={[Function]}
      placeholder="Foreign"
      type="text"
      value=""
    />
    <input
      className="sc-iBPRYJ jxdMbx"
      name="native"
      onChange={[Function]}
      placeholder="Native"
      type="text"
      value=""
    />
    <div
      className="sc-pFZIQ mxfyr"
    >
      <div
        className="sc-jrAGrp dwsgCp"
      >
        <div
          className="sc-fubCfw fYNuti"
          color="var(--masculine)"
          fontSize={21.5}
          onClick={[Function]}
        >
          m
        </div>
        <div
          className="sc-fubCfw gDpyfe"
          color="var(--feminine)"
          fontSize={21.5}
          onClick={[Function]}
        >
          f
        </div>
        <div
          className="sc-fubCfw NlhyU"
          color="var(--neuter)"
          fontSize={21.5}
          onClick={[Function]}
        >
          n
        </div>
      </div>
    </div>
    <div
      className="sc-kEjbxe hLcugI"
    >
      <div
        className="sc-fubCfw cZCdYp"
        color="var(--noun)"
        fontSize={31.5}
        onClick={[Function]}
      >
        N
      </div>
      <div
        className="sc-fubCfw gCDOfH"
        color="var(--adjective)"
        fontSize={31.5}
        onClick={[Function]}
      >
        A
      </div>
      <div
        className="sc-fubCfw bNrrpL"
        color="var(--verb)"
        fontSize={31.5}
        onClick={[Function]}
      >
        V
      </div>
    </div>
    <button
      className="sc-gsTCUz hwVgqy"
      type="submit"
    >
      Add word
    </button>
  </form>
</div>
`;
