// Jest Snapshot v1, https://goo.gl/fbAQLP

exports[`renders correctly 1`] = `
<div
  className="sc-gKsewC ljXkTl"
>
  <div
    className="sc-eCssSg jTrpXE"
  />
  <div
    className="sc-jSgupP fEhQqE"
  >
    <div
      className="sc-bdfBwQ cUBNJa"
      color="var(--noun)"
      fontSize={54.5}
      onClick={[Function]}
    >
      N
    </div>
    <div
      className="sc-bdfBwQ hmnner"
      color="var(--adjective)"
      fontSize={54.5}
      onClick={[Function]}
    >
      A
    </div>
    <div
      className="sc-bdfBwQ hVrihj"
      color="var(--verb)"
      fontSize={54.5}
      onClick={[Function]}
    >
      V
    </div>
  </div>
</div>
`;
