// Jest Snapshot v1, https://goo.gl/fbAQLP

exports[`renders correctly 1`] = `
<form
  className="sc-jrAGrp kfPisi"
  onSubmit={[Function]}
>
  <svg
    className="sc-kEjbxe dHxCwD"
    onClick={[Function]}
  >
    wordClass.svg
  </svg>
  <input
    className="sc-bdfBwQ hRYrgT"
    name="foreign"
    onChange={[Function]}
    placeholder="Foreign"
    type="text"
    value=""
  />
  <input
    className="sc-bdfBwQ hRYrgT"
    name="native"
    onChange={[Function]}
    placeholder="Native"
    type="text"
    value=""
  />
  <button
    className="sc-gsTCUz hwVgqy"
    type="submit"
  >
    Add word
  </button>
</form>
`;
