// Jest Snapshot v1, https://goo.gl/fbAQLP

exports[`renders correctly 1`] = `
<form
  className="sc-pFZIQ inBTuX"
  onSubmit={[Function]}
>
  <input
    className="sc-bdfBwQ hRYrgT"
    name="foreign"
    onChange={[Function]}
    placeholder="Foreign"
    type="text"
    value=""
  />
  <input
    className="sc-bdfBwQ hRYrgT"
    name="native"
    onChange={[Function]}
    placeholder="Native"
    type="text"
    value=""
  />
  <div
    className="sc-fubCfw fZjUOc"
  >
    <div
      className="sc-gKsewC diERPA"
    />
    <div
      className="sc-iBPRYJ cBaiyV"
    >
      <div
        className="sc-dlfnbm iojHUF"
        color="var(--noun)"
        fontSize={54.5}
        onClick={[Function]}
      >
        N
      </div>
      <div
        className="sc-dlfnbm iGTeoc"
        color="var(--adjective)"
        fontSize={54.5}
        onClick={[Function]}
      >
        A
      </div>
      <div
        className="sc-dlfnbm fdXhbA"
        color="var(--verb)"
        fontSize={54.5}
        onClick={[Function]}
      >
        V
      </div>
    </div>
  </div>
  <button
    className="sc-gsTCUz hwVgqy"
    type="submit"
  >
    Add word
  </button>
</form>
`;
