// Jest Snapshot v1, https://goo.gl/fbAQLP

exports[`renders correctly 1`] = `
<li
  className="sc-dlfnbm eQxRQi"
>
  <div
    className="sc-hKgILt jbayWH"
  >
    <b>
      le ordinateur
    </b>
    <small>
      der Computer
    </small>
    <div
      className="sc-bdfBwQ cBNdlU"
    >
      <span
        className="sc-gsTCUz hRVGAU"
        color="var(--verb)"
      >
        Verb
      </span>
      <span
        className="sc-gsTCUz hRVGAU"
        color="var(--verb)"
      >
         
        Feminin
      </span>
      <span
        className="sc-gsTCUz hRVGAU"
        color="var(--verb)"
      >
         
        Singular
      </span>
      <span
        className="sc-gsTCUz hRVGAU"
        color="var(--verb)"
      >
         
        2. Person
      </span>
    </div>
  </div>
  <svg
    className="sc-eCssSg TaXWm"
    onClick={[Function]}
  >
    delete.svg
  </svg>
</li>
`;
